2026-04-02 22:25:35,035 [INFO] Loading domains from output/mega_merged_bottom.csv...
2026-04-02 22:25:35,453 [INFO] Total domains: 175,658
2026-04-02 22:25:35,453 [INFO] To process: 175,658
2026-04-02 22:25:35,453 [INFO] Workers: 20, Chunk size: 500
2026-04-02 22:28:16,355 [INFO] Chunk 1/352 | Processed: 500 | Active: 128 | E-commerce: 112 | Rate: 3/s | ETA: 15.7h
2026-04-02 22:31:10,916 [INFO] Chunk 2/352 | Processed: 1,000 | Active: 242 | E-commerce: 208 | Rate: 3/s | ETA: 16.3h
2026-04-02 22:33:53,194 [INFO] Chunk 3/352 | Processed: 1,500 | Active: 369 | E-commerce: 314 | Rate: 3/s | ETA: 16.1h
2026-04-02 22:36:34,782 [INFO] Chunk 4/352 | Processed: 2,000 | Active: 502 | E-commerce: 435 | Rate: 3/s | ETA: 15.9h
2026-04-02 22:39:42,916 [INFO] Chunk 5/352 | Processed: 2,500 | Active: 601 | E-commerce: 521 | Rate: 3/s | ETA: 16.3h
2026-04-02 22:42:33,754 [INFO] Chunk 6/352 | Processed: 3,000 | Active: 740 | E-commerce: 643 | Rate: 3/s | ETA: 16.3h
2026-04-02 22:45:00,341 [INFO] Chunk 7/352 | Processed: 3,500 | Active: 886 | E-commerce: 774 | Rate: 3/s | ETA: 15.9h
2026-04-02 22:47:02,912 [INFO] Chunk 8/352 | Processed: 4,000 | Active: 1,006 | E-commerce: 879 | Rate: 3/s | ETA: 15.3h
2026-04-02 22:49:09,918 [INFO] Chunk 9/352 | Processed: 4,500 | Active: 1,147 | E-commerce: 1,013 | Rate: 3/s | ETA: 14.9h
2026-04-02 22:51:13,912 [INFO] Chunk 10/352 | Processed: 5,000 | Active: 1,263 | E-commerce: 1,114 | Rate: 3/s | ETA: 14.6h
2026-04-02 22:53:13,902 [INFO] Chunk 11/352 | Processed: 5,500 | Active: 1,395 | E-commerce: 1,236 | Rate: 3/s | ETA: 14.3h
2026-04-02 22:55:24,913 [INFO] Chunk 12/352 | Processed: 6,000 | Active: 1,510 | E-commerce: 1,342 | Rate: 3/s | ETA: 14.1h
2026-04-02 22:57:41,462 [INFO] Chunk 13/352 | Processed: 6,500 | Active: 1,636 | E-commerce: 1,450 | Rate: 3/s | ETA: 13.9h
2026-04-02 23:00:14,972 [INFO] Chunk 14/352 | Processed: 7,000 | Active: 1,746 | E-commerce: 1,550 | Rate: 3/s | ETA: 13.9h
2026-04-02 23:02:30,912 [INFO] Chunk 15/352 | Processed: 7,500 | Active: 1,892 | E-commerce: 1,685 | Rate: 3/s | ETA: 13.8h
2026-04-02 23:04:54,930 [INFO] Chunk 16/352 | Processed: 8,000 | Active: 2,014 | E-commerce: 1,789 | Rate: 3/s | ETA: 13.7h
2026-04-02 23:07:12,915 [INFO] Chunk 17/352 | Processed: 8,500 | Active: 2,076 | E-commerce: 1,838 | Rate: 3/s | ETA: 13.6h
2026-04-02 23:09:38,915 [INFO] Chunk 18/352 | Processed: 9,000 | Active: 2,091 | E-commerce: 1,849 | Rate: 3/s | ETA: 13.6h
2026-04-02 23:11:45,912 [INFO] Chunk 19/352 | Processed: 9,500 | Active: 2,100 | E-commerce: 1,853 | Rate: 3/s | ETA: 13.5h
2026-04-02 23:12:41,104 [WARNING] Can not load cookies: Illegal cookie name 'Augustine,zip'
2026-04-02 23:14:09,863 [INFO] Chunk 20/352 | Processed: 10,000 | Active: 2,109 | E-commerce: 1,859 | Rate: 3/s | ETA: 13.4h
2026-04-02 23:16:55,005 [INFO] Chunk 21/352 | Processed: 10,500 | Active: 2,121 | E-commerce: 1,864 | Rate: 3/s | ETA: 13.5h
2026-04-02 23:19:19,376 [INFO] Chunk 22/352 | Processed: 11,000 | Active: 2,131 | E-commerce: 1,871 | Rate: 3/s | ETA: 13.4h
2026-04-02 23:21:42,753 [INFO] Chunk 23/352 | Processed: 11,500 | Active: 2,143 | E-commerce: 1,875 | Rate: 3/s | ETA: 13.4h
2026-04-02 23:24:09,379 [INFO] Chunk 24/352 | Processed: 12,000 | Active: 2,152 | E-commerce: 1,879 | Rate: 3/s | ETA: 13.3h
2026-04-02 23:26:28,639 [INFO] Chunk 25/352 | Processed: 12,500 | Active: 2,160 | E-commerce: 1,884 | Rate: 3/s | ETA: 13.2h
2026-04-02 23:29:02,020 [INFO] Chunk 26/352 | Processed: 13,000 | Active: 2,178 | E-commerce: 1,894 | Rate: 3/s | ETA: 13.2h
2026-04-02 23:32:36,207 [INFO] Chunk 27/352 | Processed: 13,500 | Active: 2,185 | E-commerce: 1,897 | Rate: 3/s | ETA: 13.4h
2026-04-02 23:37:07,822 [INFO] Chunk 28/352 | Processed: 14,000 | Active: 2,199 | E-commerce: 1,904 | Rate: 3/s | ETA: 13.8h
2026-04-02 23:42:04,540 [INFO] Chunk 29/352 | Processed: 14,500 | Active: 2,215 | E-commerce: 1,916 | Rate: 3/s | ETA: 14.2h
2026-04-02 23:46:27,915 [INFO] Chunk 30/352 | Processed: 15,000 | Active: 2,229 | E-commerce: 1,922 | Rate: 3/s | ETA: 14.4h
2026-04-02 23:51:06,198 [INFO] Chunk 31/352 | Processed: 15,500 | Active: 2,242 | E-commerce: 1,927 | Rate: 3/s | ETA: 14.7h
2026-04-02 23:55:39,703 [INFO] Chunk 32/352 | Processed: 16,000 | Active: 2,254 | E-commerce: 1,933 | Rate: 3/s | ETA: 15.0h
2026-04-03 00:00:25,793 [INFO] Chunk 33/352 | Processed: 16,500 | Active: 2,263 | E-commerce: 1,936 | Rate: 3/s | ETA: 15.2h
2026-04-03 00:05:07,776 [INFO] Chunk 34/352 | Processed: 17,000 | Active: 2,269 | E-commerce: 1,941 | Rate: 3/s | ETA: 15.5h
2026-04-03 00:10:09,446 [INFO] Chunk 35/352 | Processed: 17,500 | Active: 2,278 | E-commerce: 1,946 | Rate: 3/s | ETA: 15.8h
2026-04-03 00:14:29,864 [INFO] Chunk 36/352 | Processed: 18,000 | Active: 2,289 | E-commerce: 1,951 | Rate: 3/s | ETA: 15.9h
2026-04-03 00:19:01,427 [INFO] Chunk 37/352 | Processed: 18,500 | Active: 2,301 | E-commerce: 1,957 | Rate: 3/s | ETA: 16.1h
2026-04-03 00:23:02,883 [INFO] Chunk 38/352 | Processed: 19,000 | Active: 2,310 | E-commerce: 1,960 | Rate: 3/s | ETA: 16.1h
2026-04-03 00:26:59,915 [INFO] Chunk 39/352 | Processed: 19,500 | Active: 2,324 | E-commerce: 1,967 | Rate: 3/s | ETA: 16.2h
2026-04-03 00:31:02,886 [INFO] Chunk 40/352 | Processed: 20,000 | Active: 2,335 | E-commerce: 1,970 | Rate: 3/s | ETA: 16.3h
2026-04-03 00:35:03,450 [INFO] Chunk 41/352 | Processed: 20,500 | Active: 2,354 | E-commerce: 1,981 | Rate: 3/s | ETA: 16.3h
2026-04-03 00:39:34,792 [INFO] Chunk 42/352 | Processed: 21,000 | Active: 2,361 | E-commerce: 1,985 | Rate: 3/s | ETA: 16.4h
2026-04-03 00:44:23,632 [INFO] Chunk 43/352 | Processed: 21,500 | Active: 2,374 | E-commerce: 1,995 | Rate: 3/s | ETA: 16.6h
2026-04-03 00:49:19,885 [INFO] Chunk 44/352 | Processed: 22,000 | Active: 2,389 | E-commerce: 2,005 | Rate: 3/s | ETA: 16.7h
2026-04-03 00:53:55,830 [INFO] Chunk 45/352 | Processed: 22,500 | Active: 2,398 | E-commerce: 2,008 | Rate: 3/s | ETA: 16.8h
2026-04-03 00:59:01,522 [INFO] Chunk 46/352 | Processed: 23,000 | Active: 2,404 | E-commerce: 2,009 | Rate: 2/s | ETA: 17.0h
2026-04-03 01:04:11,776 [INFO] Chunk 47/352 | Processed: 23,500 | Active: 2,416 | E-commerce: 2,014 | Rate: 2/s | ETA: 17.1h
2026-04-03 01:08:55,814 [INFO] Chunk 48/352 | Processed: 24,000 | Active: 2,435 | E-commerce: 2,024 | Rate: 2/s | ETA: 17.2h
2026-04-03 01:13:09,912 [INFO] Chunk 49/352 | Processed: 24,500 | Active: 2,458 | E-commerce: 2,038 | Rate: 2/s | ETA: 17.2h
2026-04-03 01:17:36,838 [INFO] Chunk 50/352 | Processed: 25,000 | Active: 2,473 | E-commerce: 2,044 | Rate: 2/s | ETA: 17.3h
2026-04-03 01:22:36,677 [INFO] Chunk 51/352 | Processed: 25,500 | Active: 2,486 | E-commerce: 2,051 | Rate: 2/s | ETA: 17.4h
2026-04-03 01:27:05,820 [INFO] Chunk 52/352 | Processed: 26,000 | Active: 2,505 | E-commerce: 2,060 | Rate: 2/s | ETA: 17.4h
2026-04-03 01:31:35,789 [INFO] Chunk 53/352 | Processed: 26,500 | Active: 2,521 | E-commerce: 2,066 | Rate: 2/s | ETA: 17.4h
2026-04-03 01:36:34,888 [INFO] Chunk 54/352 | Processed: 27,000 | Active: 2,534 | E-commerce: 2,075 | Rate: 2/s | ETA: 17.5h
2026-04-03 01:41:13,274 [INFO] Chunk 55/352 | Processed: 27,500 | Active: 2,548 | E-commerce: 2,084 | Rate: 2/s | ETA: 17.6h
2026-04-03 01:46:19,757 [INFO] Chunk 56/352 | Processed: 28,000 | Active: 2,558 | E-commerce: 2,093 | Rate: 2/s | ETA: 17.6h
2026-04-03 01:51:35,864 [INFO] Chunk 57/352 | Processed: 28,500 | Active: 2,572 | E-commerce: 2,100 | Rate: 2/s | ETA: 17.7h
2026-04-03 01:56:12,166 [INFO] Chunk 58/352 | Processed: 29,000 | Active: 2,582 | E-commerce: 2,108 | Rate: 2/s | ETA: 17.8h
2026-04-03 02:00:15,540 [INFO] Chunk 59/352 | Processed: 29,500 | Active: 2,601 | E-commerce: 2,120 | Rate: 2/s | ETA: 17.7h
2026-04-03 02:05:14,831 [INFO] Chunk 60/352 | Processed: 30,000 | Active: 2,612 | E-commerce: 2,126 | Rate: 2/s | ETA: 17.8h
2026-04-03 02:10:03,528 [INFO] Chunk 61/352 | Processed: 30,500 | Active: 2,622 | E-commerce: 2,135 | Rate: 2/s | ETA: 17.8h
2026-04-03 02:14:10,861 [INFO] Chunk 62/352 | Processed: 31,000 | Active: 2,644 | E-commerce: 2,148 | Rate: 2/s | ETA: 17.8h
2026-04-03 02:19:15,844 [INFO] Chunk 63/352 | Processed: 31,500 | Active: 2,655 | E-commerce: 2,154 | Rate: 2/s | ETA: 17.8h
2026-04-03 02:23:59,682 [INFO] Chunk 64/352 | Processed: 32,000 | Active: 2,671 | E-commerce: 2,162 | Rate: 2/s | ETA: 17.8h
2026-04-03 02:28:42,509 [INFO] Chunk 65/352 | Processed: 32,500 | Active: 2,683 | E-commerce: 2,172 | Rate: 2/s | ETA: 17.8h
2026-04-03 02:33:23,865 [INFO] Chunk 66/352 | Processed: 33,000 | Active: 2,697 | E-commerce: 2,175 | Rate: 2/s | ETA: 17.9h
2026-04-03 02:38:14,840 [INFO] Chunk 67/352 | Processed: 33,500 | Active: 2,709 | E-commerce: 2,180 | Rate: 2/s | ETA: 17.9h
2026-04-03 02:42:31,857 [INFO] Chunk 68/352 | Processed: 34,000 | Active: 2,728 | E-commerce: 2,195 | Rate: 2/s | ETA: 17.8h
2026-04-03 02:47:17,388 [INFO] Chunk 69/352 | Processed: 34,500 | Active: 2,746 | E-commerce: 2,206 | Rate: 2/s | ETA: 17.8h
2026-04-03 02:52:33,881 [INFO] Chunk 70/352 | Processed: 35,000 | Active: 2,760 | E-commerce: 2,214 | Rate: 2/s | ETA: 17.9h
2026-04-03 02:57:21,875 [INFO] Chunk 71/352 | Processed: 35,500 | Active: 2,775 | E-commerce: 2,220 | Rate: 2/s | ETA: 17.9h
2026-04-03 03:01:52,820 [INFO] Chunk 72/352 | Processed: 36,000 | Active: 2,791 | E-commerce: 2,230 | Rate: 2/s | ETA: 17.9h
2026-04-03 03:07:01,710 [INFO] Chunk 73/352 | Processed: 36,500 | Active: 2,805 | E-commerce: 2,237 | Rate: 2/s | ETA: 17.9h
2026-04-03 03:11:43,720 [INFO] Chunk 74/352 | Processed: 37,000 | Active: 2,820 | E-commerce: 2,249 | Rate: 2/s | ETA: 17.9h
2026-04-03 03:15:45,823 [INFO] Chunk 75/352 | Processed: 37,500 | Active: 2,850 | E-commerce: 2,268 | Rate: 2/s | ETA: 17.8h
2026-04-03 03:19:54,400 [INFO] Chunk 76/352 | Processed: 38,000 | Active: 2,869 | E-commerce: 2,280 | Rate: 2/s | ETA: 17.8h
2026-04-03 03:24:26,722 [INFO] Chunk 77/352 | Processed: 38,500 | Active: 2,880 | E-commerce: 2,288 | Rate: 2/s | ETA: 17.7h
2026-04-03 03:29:05,638 [INFO] Chunk 78/352 | Processed: 39,000 | Active: 2,900 | E-commerce: 2,297 | Rate: 2/s | ETA: 17.7h
2026-04-03 03:33:12,234 [INFO] Chunk 79/352 | Processed: 39,500 | Active: 2,915 | E-commerce: 2,305 | Rate: 2/s | ETA: 17.7h
2026-04-03 03:37:01,886 [INFO] Chunk 80/352 | Processed: 40,000 | Active: 2,942 | E-commerce: 2,322 | Rate: 2/s | ETA: 17.6h
2026-04-03 03:39:32,751 [WARNING] Can not load cookies: Illegal cookie name 'Secure,JSESSIONID'
2026-04-03 03:39:32,751 [WARNING] Can not load cookies: Illegal cookie name 'Secure,X-CSRF-Token'
2026-04-03 03:41:14,829 [INFO] Chunk 81/352 | Processed: 40,500 | Active: 2,956 | E-commerce: 2,331 | Rate: 2/s | ETA: 17.6h
2026-04-03 03:45:45,594 [INFO] Chunk 82/352 | Processed: 41,000 | Active: 2,988 | E-commerce: 2,356 | Rate: 2/s | ETA: 17.5h
2026-04-03 03:50:15,601 [INFO] Chunk 83/352 | Processed: 41,500 | Active: 3,009 | E-commerce: 2,368 | Rate: 2/s | ETA: 17.5h
2026-04-03 03:54:25,805 [INFO] Chunk 84/352 | Processed: 42,000 | Active: 3,035 | E-commerce: 2,383 | Rate: 2/s | ETA: 17.4h
2026-04-03 03:58:38,783 [INFO] Chunk 85/352 | Processed: 42,500 | Active: 3,057 | E-commerce: 2,396 | Rate: 2/s | ETA: 17.4h
2026-04-03 04:02:46,754 [INFO] Chunk 86/352 | Processed: 43,000 | Active: 3,076 | E-commerce: 2,405 | Rate: 2/s | ETA: 17.3h
2026-04-03 04:06:41,820 [INFO] Chunk 87/352 | Processed: 43,500 | Active: 3,097 | E-commerce: 2,417 | Rate: 2/s | ETA: 17.3h
2026-04-03 04:10:32,823 [INFO] Chunk 88/352 | Processed: 44,000 | Active: 3,119 | E-commerce: 2,430 | Rate: 2/s | ETA: 17.2h
2026-04-03 04:14:34,881 [INFO] Chunk 89/352 | Processed: 44,500 | Active: 3,141 | E-commerce: 2,447 | Rate: 2/s | ETA: 17.1h
2026-04-03 04:18:29,844 [INFO] Chunk 90/352 | Processed: 45,000 | Active: 3,159 | E-commerce: 2,459 | Rate: 2/s | ETA: 17.1h
2026-04-03 04:22:48,488 [INFO] Chunk 91/352 | Processed: 45,500 | Active: 3,179 | E-commerce: 2,474 | Rate: 2/s | ETA: 17.0h
2026-04-03 04:26:12,859 [INFO] Chunk 92/352 | Processed: 46,000 | Active: 3,203 | E-commerce: 2,489 | Rate: 2/s | ETA: 16.9h
2026-04-03 04:30:23,872 [INFO] Chunk 93/352 | Processed: 46,500 | Active: 3,230 | E-commerce: 2,508 | Rate: 2/s | ETA: 16.9h
2026-04-03 04:32:52,917 [INFO] Chunk 94/352 | Processed: 47,000 | Active: 3,259 | E-commerce: 2,528 | Rate: 2/s | ETA: 16.8h
2026-04-03 04:35:09,775 [INFO] Chunk 95/352 | Processed: 47,500 | Active: 3,279 | E-commerce: 2,541 | Rate: 2/s | ETA: 16.6h
2026-04-03 04:37:17,913 [INFO] Chunk 96/352 | Processed: 48,000 | Active: 3,308 | E-commerce: 2,560 | Rate: 2/s | ETA: 16.5h
2026-04-03 04:39:24,500 [INFO] Chunk 97/352 | Processed: 48,500 | Active: 3,336 | E-commerce: 2,578 | Rate: 2/s | ETA: 16.3h
2026-04-03 04:41:29,915 [INFO] Chunk 98/352 | Processed: 49,000 | Active: 3,359 | E-commerce: 2,593 | Rate: 2/s | ETA: 16.2h
2026-04-03 04:43:50,912 [INFO] Chunk 99/352 | Processed: 49,500 | Active: 3,394 | E-commerce: 2,618 | Rate: 2/s | ETA: 16.1h
2026-04-03 04:46:11,653 [INFO] Chunk 100/352 | Processed: 50,000 | Active: 3,416 | E-commerce: 2,633 | Rate: 2/s | ETA: 15.9h
2026-04-03 04:48:18,914 [INFO] Chunk 101/352 | Processed: 50,500 | Active: 3,436 | E-commerce: 2,649 | Rate: 2/s | ETA: 15.8h
2026-04-03 04:50:18,915 [INFO] Chunk 102/352 | Processed: 51,000 | Active: 3,458 | E-commerce: 2,669 | Rate: 2/s | ETA: 15.7h
2026-04-03 04:52:48,065 [INFO] Chunk 103/352 | Processed: 51,500 | Active: 3,477 | E-commerce: 2,680 | Rate: 2/s | ETA: 15.6h
2026-04-03 04:55:09,914 [INFO] Chunk 104/352 | Processed: 52,000 | Active: 3,506 | E-commerce: 2,698 | Rate: 2/s | ETA: 15.4h
2026-04-03 04:57:37,520 [INFO] Chunk 105/352 | Processed: 52,500 | Active: 3,524 | E-commerce: 2,709 | Rate: 2/s | ETA: 15.3h
2026-04-03 04:59:53,912 [INFO] Chunk 106/352 | Processed: 53,000 | Active: 3,554 | E-commerce: 2,728 | Rate: 2/s | ETA: 15.2h
2026-04-03 05:02:20,436 [INFO] Chunk 107/352 | Processed: 53,500 | Active: 3,590 | E-commerce: 2,753 | Rate: 2/s | ETA: 15.1h
2026-04-03 05:04:53,919 [INFO] Chunk 108/352 | Processed: 54,000 | Active: 3,624 | E-commerce: 2,777 | Rate: 2/s | ETA: 15.0h
2026-04-03 05:07:11,561 [INFO] Chunk 109/352 | Processed: 54,500 | Active: 3,679 | E-commerce: 2,814 | Rate: 2/s | ETA: 14.9h
2026-04-03 05:09:38,204 [INFO] Chunk 110/352 | Processed: 55,000 | Active: 3,724 | E-commerce: 2,853 | Rate: 2/s | ETA: 14.8h
2026-04-03 05:11:56,262 [INFO] Chunk 111/352 | Processed: 55,500 | Active: 3,773 | E-commerce: 2,890 | Rate: 2/s | ETA: 14.7h
2026-04-03 05:14:09,713 [INFO] Chunk 112/352 | Processed: 56,000 | Active: 3,837 | E-commerce: 2,938 | Rate: 2/s | ETA: 14.6h
2026-04-03 05:16:26,912 [INFO] Chunk 113/352 | Processed: 56,500 | Active: 3,899 | E-commerce: 2,982 | Rate: 2/s | ETA: 14.4h
2026-04-03 05:18:55,208 [INFO] Chunk 114/352 | Processed: 57,000 | Active: 3,957 | E-commerce: 3,024 | Rate: 2/s | ETA: 14.3h
2026-04-03 05:21:06,912 [INFO] Chunk 115/352 | Processed: 57,500 | Active: 4,020 | E-commerce: 3,079 | Rate: 2/s | ETA: 14.2h
2026-04-03 05:22:49,916 [INFO] Chunk 116/352 | Processed: 58,000 | Active: 4,063 | E-commerce: 3,118 | Rate: 2/s | ETA: 14.1h
2026-04-03 05:24:13,900 [INFO] Chunk 117/352 | Processed: 58,500 | Active: 4,100 | E-commerce: 3,147 | Rate: 2/s | ETA: 14.0h
2026-04-03 05:25:38,847 [INFO] Chunk 118/352 | Processed: 59,000 | Active: 4,136 | E-commerce: 3,176 | Rate: 2/s | ETA: 13.8h
2026-04-03 05:27:37,498 [INFO] Chunk 119/352 | Processed: 59,500 | Active: 4,202 | E-commerce: 3,225 | Rate: 2/s | ETA: 13.7h
2026-04-03 05:29:49,744 [INFO] Chunk 120/352 | Processed: 60,000 | Active: 4,276 | E-commerce: 3,283 | Rate: 2/s | ETA: 13.6h
2026-04-03 05:32:17,920 [INFO] Chunk 121/352 | Processed: 60,500 | Active: 4,368 | E-commerce: 3,359 | Rate: 2/s | ETA: 13.5h
2026-04-03 05:34:20,912 [INFO] Chunk 122/352 | Processed: 61,000 | Active: 4,453 | E-commerce: 3,422 | Rate: 2/s | ETA: 13.4h
2026-04-03 05:36:32,913 [INFO] Chunk 123/352 | Processed: 61,500 | Active: 4,551 | E-commerce: 3,500 | Rate: 2/s | ETA: 13.3h
2026-04-03 05:37:25,731 [WARNING] Can not load cookies: Illegal cookie name 'Mills,zip'
2026-04-03 05:38:32,918 [INFO] Chunk 124/352 | Processed: 62,000 | Active: 4,643 | E-commerce: 3,574 | Rate: 2/s | ETA: 13.2h
2026-04-03 05:40:45,912 [INFO] Chunk 125/352 | Processed: 62,500 | Active: 4,740 | E-commerce: 3,656 | Rate: 2/s | ETA: 13.1h
2026-04-03 05:40:57,661 [WARNING] Can not load cookies: Illegal cookie name 'httponly,sb-sf-at-prod'
2026-04-03 05:41:00,568 [WARNING] Can not load cookies: Illegal cookie name 'httponly,sb-sf-at-prod'
2026-04-03 05:42:46,913 [INFO] Chunk 126/352 | Processed: 63,000 | Active: 4,818 | E-commerce: 3,721 | Rate: 2/s | ETA: 13.0h
2026-04-03 05:44:54,262 [INFO] Chunk 127/352 | Processed: 63,500 | Active: 4,885 | E-commerce: 3,774 | Rate: 2/s | ETA: 12.9h
2026-04-03 05:46:54,912 [INFO] Chunk 128/352 | Processed: 64,000 | Active: 4,960 | E-commerce: 3,835 | Rate: 2/s | ETA: 12.8h
2026-04-03 05:49:05,913 [INFO] Chunk 129/352 | Processed: 64,500 | Active: 5,050 | E-commerce: 3,908 | Rate: 2/s | ETA: 12.7h
2026-04-03 05:51:17,918 [INFO] Chunk 130/352 | Processed: 65,000 | Active: 5,140 | E-commerce: 3,980 | Rate: 2/s | ETA: 12.6h
2026-04-03 05:53:30,914 [INFO] Chunk 131/352 | Processed: 65,500 | Active: 5,231 | E-commerce: 4,057 | Rate: 2/s | ETA: 12.6h
2026-04-03 05:55:46,321 [INFO] Chunk 132/352 | Processed: 66,000 | Active: 5,320 | E-commerce: 4,131 | Rate: 2/s | ETA: 12.5h
2026-04-03 05:57:55,659 [INFO] Chunk 133/352 | Processed: 66,500 | Active: 5,404 | E-commerce: 4,201 | Rate: 2/s | ETA: 12.4h
2026-04-03 05:58:02,870 [WARNING] Can not load cookies: Illegal cookie name 'IL,city'
2026-04-03 05:58:03,708 [WARNING] Can not load cookies: Illegal cookie name 'York,zip'
2026-04-03 06:00:01,368 [INFO] Chunk 134/352 | Processed: 67,000 | Active: 5,496 | E-commerce: 4,280 | Rate: 2/s | ETA: 12.3h
2026-04-03 06:02:19,918 [INFO] Chunk 135/352 | Processed: 67,500 | Active: 5,588 | E-commerce: 4,355 | Rate: 2/s | ETA: 12.2h
2026-04-03 06:04:30,370 [INFO] Chunk 136/352 | Processed: 68,000 | Active: 5,660 | E-commerce: 4,418 | Rate: 2/s | ETA: 12.1h
2026-04-03 06:06:39,967 [INFO] Chunk 137/352 | Processed: 68,500 | Active: 5,735 | E-commerce: 4,467 | Rate: 2/s | ETA: 12.0h
2026-04-03 06:09:14,388 [INFO] Chunk 138/352 | Processed: 69,000 | Active: 5,802 | E-commerce: 4,518 | Rate: 2/s | ETA: 11.9h
2026-04-03 06:11:28,112 [INFO] Chunk 139/352 | Processed: 69,500 | Active: 5,880 | E-commerce: 4,580 | Rate: 2/s | ETA: 11.9h
2026-04-03 06:13:40,098 [INFO] Chunk 140/352 | Processed: 70,000 | Active: 5,955 | E-commerce: 4,640 | Rate: 2/s | ETA: 11.8h
2026-04-03 06:15:51,912 [INFO] Chunk 141/352 | Processed: 70,500 | Active: 6,018 | E-commerce: 4,683 | Rate: 2/s | ETA: 11.7h
2026-04-03 06:18:00,456 [INFO] Chunk 142/352 | Processed: 71,000 | Active: 6,091 | E-commerce: 4,735 | Rate: 3/s | ETA: 11.6h
2026-04-03 06:20:06,495 [INFO] Chunk 143/352 | Processed: 71,500 | Active: 6,163 | E-commerce: 4,792 | Rate: 3/s | ETA: 11.5h
2026-04-03 06:22:23,457 [INFO] Chunk 144/352 | Processed: 72,000 | Active: 6,230 | E-commerce: 4,844 | Rate: 3/s | ETA: 11.4h
2026-04-03 06:24:35,911 [INFO] Chunk 145/352 | Processed: 72,500 | Active: 6,291 | E-commerce: 4,890 | Rate: 3/s | ETA: 11.4h
2026-04-03 06:26:44,913 [INFO] Chunk 146/352 | Processed: 73,000 | Active: 6,367 | E-commerce: 4,947 | Rate: 3/s | ETA: 11.3h
2026-04-03 06:29:08,921 [INFO] Chunk 147/352 | Processed: 73,500 | Active: 6,435 | E-commerce: 5,004 | Rate: 3/s | ETA: 11.2h
2026-04-03 06:31:24,293 [INFO] Chunk 148/352 | Processed: 74,000 | Active: 6,495 | E-commerce: 5,041 | Rate: 3/s | ETA: 11.1h
2026-04-03 06:33:45,912 [INFO] Chunk 149/352 | Processed: 74,500 | Active: 6,559 | E-commerce: 5,092 | Rate: 3/s | ETA: 11.0h
2026-04-03 06:36:03,914 [INFO] Chunk 150/352 | Processed: 75,000 | Active: 6,627 | E-commerce: 5,145 | Rate: 3/s | ETA: 11.0h
2026-04-03 06:38:22,912 [INFO] Chunk 151/352 | Processed: 75,500 | Active: 6,692 | E-commerce: 5,192 | Rate: 3/s | ETA: 10.9h
2026-04-03 06:40:37,261 [INFO] Chunk 152/352 | Processed: 76,000 | Active: 6,764 | E-commerce: 5,255 | Rate: 3/s | ETA: 10.8h
2026-04-03 06:43:03,913 [INFO] Chunk 153/352 | Processed: 76,500 | Active: 6,837 | E-commerce: 5,303 | Rate: 3/s | ETA: 10.7h
2026-04-03 06:45:22,112 [INFO] Chunk 154/352 | Processed: 77,000 | Active: 6,865 | E-commerce: 5,323 | Rate: 3/s | ETA: 10.7h
2026-04-03 06:47:30,911 [INFO] Chunk 155/352 | Processed: 77,500 | Active: 6,901 | E-commerce: 5,344 | Rate: 3/s | ETA: 10.6h
2026-04-03 06:49:40,169 [INFO] Chunk 156/352 | Processed: 78,000 | Active: 6,933 | E-commerce: 5,367 | Rate: 3/s | ETA: 10.5h
2026-04-03 06:52:00,985 [INFO] Chunk 157/352 | Processed: 78,500 | Active: 6,998 | E-commerce: 5,414 | Rate: 3/s | ETA: 10.4h
2026-04-03 06:53:54,826 [INFO] Chunk 158/352 | Processed: 79,000 | Active: 7,016 | E-commerce: 5,424 | Rate: 3/s | ETA: 10.4h
2026-04-03 06:55:56,738 [INFO] Chunk 159/352 | Processed: 79,500 | Active: 7,032 | E-commerce: 5,436 | Rate: 3/s | ETA: 10.3h
2026-04-03 06:58:04,741 [INFO] Chunk 160/352 | Processed: 80,000 | Active: 7,042 | E-commerce: 5,440 | Rate: 3/s | ETA: 10.2h
2026-04-03 07:00:38,914 [INFO] Chunk 161/352 | Processed: 80,500 | Active: 7,081 | E-commerce: 5,463 | Rate: 3/s | ETA: 10.1h
2026-04-03 07:02:59,373 [INFO] Chunk 162/352 | Processed: 81,000 | Active: 7,128 | E-commerce: 5,497 | Rate: 3/s | ETA: 10.1h
2026-04-03 07:05:31,141 [INFO] Chunk 163/352 | Processed: 81,500 | Active: 7,192 | E-commerce: 5,540 | Rate: 3/s | ETA: 10.0h
2026-04-03 07:08:01,226 [INFO] Chunk 164/352 | Processed: 82,000 | Active: 7,239 | E-commerce: 5,572 | Rate: 3/s | ETA: 9.9h
2026-04-03 07:10:27,572 [INFO] Chunk 165/352 | Processed: 82,500 | Active: 7,314 | E-commerce: 5,621 | Rate: 3/s | ETA: 9.9h
2026-04-03 07:12:40,046 [INFO] Chunk 166/352 | Processed: 83,000 | Active: 7,376 | E-commerce: 5,665 | Rate: 3/s | ETA: 9.8h
2026-04-03 07:15:07,921 [INFO] Chunk 167/352 | Processed: 83,500 | Active: 7,430 | E-commerce: 5,705 | Rate: 3/s | ETA: 9.7h
2026-04-03 07:17:13,458 [INFO] Chunk 168/352 | Processed: 84,000 | Active: 7,453 | E-commerce: 5,716 | Rate: 3/s | ETA: 9.7h
2026-04-03 07:19:27,359 [INFO] Chunk 169/352 | Processed: 84,500 | Active: 7,486 | E-commerce: 5,733 | Rate: 3/s | ETA: 9.6h
2026-04-03 07:21:50,912 [INFO] Chunk 170/352 | Processed: 85,000 | Active: 7,513 | E-commerce: 5,753 | Rate: 3/s | ETA: 9.5h
2026-04-03 07:24:18,697 [INFO] Chunk 171/352 | Processed: 85,500 | Active: 7,565 | E-commerce: 5,779 | Rate: 3/s | ETA: 9.5h
2026-04-03 07:26:48,402 [INFO] Chunk 172/352 | Processed: 86,000 | Active: 7,612 | E-commerce: 5,811 | Rate: 3/s | ETA: 9.4h
2026-04-03 07:29:04,917 [INFO] Chunk 173/352 | Processed: 86,500 | Active: 7,665 | E-commerce: 5,839 | Rate: 3/s | ETA: 9.3h
2026-04-03 07:31:17,913 [INFO] Chunk 174/352 | Processed: 87,000 | Active: 7,703 | E-commerce: 5,861 | Rate: 3/s | ETA: 9.3h
2026-04-03 07:33:34,912 [INFO] Chunk 175/352 | Processed: 87,500 | Active: 7,744 | E-commerce: 5,885 | Rate: 3/s | ETA: 9.2h
2026-04-03 07:35:44,223 [INFO] Chunk 176/352 | Processed: 88,000 | Active: 7,764 | E-commerce: 5,897 | Rate: 3/s | ETA: 9.1h
2026-04-03 07:37:45,495 [INFO] Chunk 177/352 | Processed: 88,500 | Active: 7,791 | E-commerce: 5,916 | Rate: 3/s | ETA: 9.1h
2026-04-03 07:39:50,608 [INFO] Chunk 178/352 | Processed: 89,000 | Active: 7,834 | E-commerce: 5,943 | Rate: 3/s | ETA: 9.0h
2026-04-03 07:40:48,082 [INFO] Chunk 179/352 | Processed: 89,500 | Active: 7,834 | E-commerce: 5,943 | Rate: 3/s | ETA: 8.9h
2026-04-03 07:42:51,810 [INFO] Chunk 180/352 | Processed: 90,000 | Active: 7,868 | E-commerce: 5,967 | Rate: 3/s | ETA: 8.8h
2026-04-03 07:45:04,232 [INFO] Chunk 181/352 | Processed: 90,500 | Active: 7,911 | E-commerce: 6,002 | Rate: 3/s | ETA: 8.8h
2026-04-03 07:47:29,376 [INFO] Chunk 182/352 | Processed: 91,000 | Active: 7,948 | E-commerce: 6,029 | Rate: 3/s | ETA: 8.7h
2026-04-03 07:50:01,913 [INFO] Chunk 183/352 | Processed: 91,500 | Active: 7,997 | E-commerce: 6,063 | Rate: 3/s | ETA: 8.7h
2026-04-03 07:52:38,912 [INFO] Chunk 184/352 | Processed: 92,000 | Active: 8,051 | E-commerce: 6,097 | Rate: 3/s | ETA: 8.6h
2026-04-03 07:54:52,502 [INFO] Chunk 185/352 | Processed: 92,500 | Active: 8,118 | E-commerce: 6,142 | Rate: 3/s | ETA: 8.5h
2026-04-03 07:57:21,137 [INFO] Chunk 186/352 | Processed: 93,000 | Active: 8,177 | E-commerce: 6,181 | Rate: 3/s | ETA: 8.5h
2026-04-03 07:59:53,913 [INFO] Chunk 187/352 | Processed: 93,500 | Active: 8,229 | E-commerce: 6,211 | Rate: 3/s | ETA: 8.4h
2026-04-03 08:02:24,036 [INFO] Chunk 188/352 | Processed: 94,000 | Active: 8,268 | E-commerce: 6,239 | Rate: 3/s | ETA: 8.4h
2026-04-03 08:04:28,288 [INFO] Chunk 189/352 | Processed: 94,500 | Active: 8,298 | E-commerce: 6,258 | Rate: 3/s | ETA: 8.3h
2026-04-03 08:06:43,911 [INFO] Chunk 190/352 | Processed: 95,000 | Active: 8,338 | E-commerce: 6,285 | Rate: 3/s | ETA: 8.2h
2026-04-03 08:09:00,686 [INFO] Chunk 191/352 | Processed: 95,500 | Active: 8,368 | E-commerce: 6,299 | Rate: 3/s | ETA: 8.2h
2026-04-03 08:10:36,870 [INFO] Chunk 192/352 | Processed: 96,000 | Active: 8,381 | E-commerce: 6,306 | Rate: 3/s | ETA: 8.1h
2026-04-03 08:12:48,588 [INFO] Chunk 193/352 | Processed: 96,500 | Active: 8,408 | E-commerce: 6,325 | Rate: 3/s | ETA: 8.0h
2026-04-03 08:15:18,912 [INFO] Chunk 194/352 | Processed: 97,000 | Active: 8,455 | E-commerce: 6,354 | Rate: 3/s | ETA: 8.0h
2026-04-03 08:17:30,174 [INFO] Chunk 195/352 | Processed: 97,500 | Active: 8,488 | E-commerce: 6,364 | Rate: 3/s | ETA: 7.9h
2026-04-03 08:19:28,662 [INFO] Chunk 196/352 | Processed: 98,000 | Active: 8,514 | E-commerce: 6,380 | Rate: 3/s | ETA: 7.8h
2026-04-03 08:21:22,313 [INFO] Chunk 197/352 | Processed: 98,500 | Active: 8,524 | E-commerce: 6,385 | Rate: 3/s | ETA: 7.8h
2026-04-03 08:23:46,915 [INFO] Chunk 198/352 | Processed: 99,000 | Active: 8,561 | E-commerce: 6,404 | Rate: 3/s | ETA: 7.7h
2026-04-03 08:26:12,259 [INFO] Chunk 199/352 | Processed: 99,500 | Active: 8,620 | E-commerce: 6,440 | Rate: 3/s | ETA: 7.7h
2026-04-03 08:28:32,790 [INFO] Chunk 200/352 | Processed: 100,000 | Active: 8,656 | E-commerce: 6,467 | Rate: 3/s | ETA: 7.6h
2026-04-03 08:30:50,250 [INFO] Chunk 201/352 | Processed: 100,500 | Active: 8,709 | E-commerce: 6,496 | Rate: 3/s | ETA: 7.5h
2026-04-03 08:33:12,897 [INFO] Chunk 202/352 | Processed: 101,000 | Active: 8,749 | E-commerce: 6,522 | Rate: 3/s | ETA: 7.5h
2026-04-03 08:35:33,913 [INFO] Chunk 203/352 | Processed: 101,500 | Active: 8,796 | E-commerce: 6,545 | Rate: 3/s | ETA: 7.4h
2026-04-03 08:37:34,700 [INFO] Chunk 204/352 | Processed: 102,000 | Active: 8,829 | E-commerce: 6,564 | Rate: 3/s | ETA: 7.4h
2026-04-03 08:39:52,917 [INFO] Chunk 205/352 | Processed: 102,500 | Active: 8,859 | E-commerce: 6,581 | Rate: 3/s | ETA: 7.3h
2026-04-03 08:42:22,914 [INFO] Chunk 206/352 | Processed: 103,000 | Active: 8,920 | E-commerce: 6,627 | Rate: 3/s | ETA: 7.3h
2026-04-03 08:44:37,911 [INFO] Chunk 207/352 | Processed: 103,500 | Active: 8,975 | E-commerce: 6,661 | Rate: 3/s | ETA: 7.2h
2026-04-03 08:47:09,913 [INFO] Chunk 208/352 | Processed: 104,000 | Active: 9,023 | E-commerce: 6,693 | Rate: 3/s | ETA: 7.1h
2026-04-03 08:49:30,025 [INFO] Chunk 209/352 | Processed: 104,500 | Active: 9,069 | E-commerce: 6,718 | Rate: 3/s | ETA: 7.1h
2026-04-03 08:51:47,660 [INFO] Chunk 210/352 | Processed: 105,000 | Active: 9,122 | E-commerce: 6,751 | Rate: 3/s | ETA: 7.0h
2026-04-03 08:53:59,913 [INFO] Chunk 211/352 | Processed: 105,500 | Active: 9,165 | E-commerce: 6,771 | Rate: 3/s | ETA: 7.0h
2026-04-03 08:56:09,943 [INFO] Chunk 212/352 | Processed: 106,000 | Active: 9,225 | E-commerce: 6,804 | Rate: 3/s | ETA: 6.9h
2026-04-03 08:58:39,656 [INFO] Chunk 213/352 | Processed: 106,500 | Active: 9,301 | E-commerce: 6,862 | Rate: 3/s | ETA: 6.9h
2026-04-03 09:01:04,912 [INFO] Chunk 214/352 | Processed: 107,000 | Active: 9,358 | E-commerce: 6,900 | Rate: 3/s | ETA: 6.8h
2026-04-03 09:03:43,912 [INFO] Chunk 215/352 | Processed: 107,500 | Active: 9,407 | E-commerce: 6,932 | Rate: 3/s | ETA: 6.7h
2026-04-03 09:05:38,821 [INFO] Chunk 216/352 | Processed: 108,000 | Active: 9,440 | E-commerce: 6,952 | Rate: 3/s | ETA: 6.7h
2026-04-03 09:07:44,672 [INFO] Chunk 217/352 | Processed: 108,500 | Active: 9,489 | E-commerce: 6,979 | Rate: 3/s | ETA: 6.6h
2026-04-03 09:09:24,911 [INFO] Chunk 218/352 | Processed: 109,000 | Active: 9,503 | E-commerce: 6,988 | Rate: 3/s | ETA: 6.6h
2026-04-03 09:11:17,449 [INFO] Chunk 219/352 | Processed: 109,500 | Active: 9,527 | E-commerce: 7,004 | Rate: 3/s | ETA: 6.5h
2026-04-03 09:13:20,904 [INFO] Chunk 220/352 | Processed: 110,000 | Active: 9,546 | E-commerce: 7,018 | Rate: 3/s | ETA: 6.4h
2026-04-03 09:15:40,773 [INFO] Chunk 221/352 | Processed: 110,500 | Active: 9,587 | E-commerce: 7,045 | Rate: 3/s | ETA: 6.4h
2026-04-03 09:18:10,912 [INFO] Chunk 222/352 | Processed: 111,000 | Active: 9,650 | E-commerce: 7,083 | Rate: 3/s | ETA: 6.3h
2026-04-03 09:20:28,911 [INFO] Chunk 223/352 | Processed: 111,500 | Active: 9,712 | E-commerce: 7,114 | Rate: 3/s | ETA: 6.3h
2026-04-03 09:22:20,038 [INFO] Chunk 224/352 | Processed: 112,000 | Active: 9,732 | E-commerce: 7,128 | Rate: 3/s | ETA: 6.2h
2026-04-03 09:24:53,916 [INFO] Chunk 225/352 | Processed: 112,500 | Active: 9,779 | E-commerce: 7,157 | Rate: 3/s | ETA: 6.2h
2026-04-03 09:27:12,913 [INFO] Chunk 226/352 | Processed: 113,000 | Active: 9,829 | E-commerce: 7,188 | Rate: 3/s | ETA: 6.1h
2026-04-03 09:29:22,646 [INFO] Chunk 227/352 | Processed: 113,500 | Active: 9,880 | E-commerce: 7,221 | Rate: 3/s | ETA: 6.1h
2026-04-03 09:30:52,275 [INFO] Chunk 228/352 | Processed: 114,000 | Active: 9,882 | E-commerce: 7,222 | Rate: 3/s | ETA: 6.0h
2026-04-03 09:33:12,918 [INFO] Chunk 229/352 | Processed: 114,500 | Active: 9,916 | E-commerce: 7,244 | Rate: 3/s | ETA: 5.9h
2026-04-03 09:35:43,185 [INFO] Chunk 230/352 | Processed: 115,000 | Active: 9,949 | E-commerce: 7,261 | Rate: 3/s | ETA: 5.9h
2026-04-03 09:38:01,187 [INFO] Chunk 231/352 | Processed: 115,500 | Active: 9,977 | E-commerce: 7,274 | Rate: 3/s | ETA: 5.8h
2026-04-03 09:40:26,685 [INFO] Chunk 232/352 | Processed: 116,000 | Active: 10,050 | E-commerce: 7,323 | Rate: 3/s | ETA: 5.8h
2026-04-03 09:41:58,621 [INFO] Chunk 233/352 | Processed: 116,500 | Active: 10,055 | E-commerce: 7,324 | Rate: 3/s | ETA: 5.7h
2026-04-03 09:44:10,094 [INFO] Chunk 234/352 | Processed: 117,000 | Active: 10,093 | E-commerce: 7,350 | Rate: 3/s | ETA: 5.7h
2026-04-03 09:46:38,916 [INFO] Chunk 235/352 | Processed: 117,500 | Active: 10,152 | E-commerce: 7,381 | Rate: 3/s | ETA: 5.6h
2026-04-03 09:48:45,912 [INFO] Chunk 236/352 | Processed: 118,000 | Active: 10,186 | E-commerce: 7,404 | Rate: 3/s | ETA: 5.6h
2026-04-03 09:51:19,912 [INFO] Chunk 237/352 | Processed: 118,500 | Active: 10,244 | E-commerce: 7,433 | Rate: 3/s | ETA: 5.5h
2026-04-03 09:53:36,912 [INFO] Chunk 238/352 | Processed: 119,000 | Active: 10,297 | E-commerce: 7,466 | Rate: 3/s | ETA: 5.5h
2026-04-03 09:55:51,930 [INFO] Chunk 239/352 | Processed: 119,500 | Active: 10,354 | E-commerce: 7,493 | Rate: 3/s | ETA: 5.4h
2026-04-03 09:58:11,915 [INFO] Chunk 240/352 | Processed: 120,000 | Active: 10,391 | E-commerce: 7,515 | Rate: 3/s | ETA: 5.4h
2026-04-03 10:00:40,917 [INFO] Chunk 241/352 | Processed: 120,500 | Active: 10,436 | E-commerce: 7,539 | Rate: 3/s | ETA: 5.3h
2026-04-03 10:02:44,917 [INFO] Chunk 242/352 | Processed: 121,000 | Active: 10,469 | E-commerce: 7,560 | Rate: 3/s | ETA: 5.2h
2026-04-03 10:04:30,912 [INFO] Chunk 243/352 | Processed: 121,500 | Active: 10,482 | E-commerce: 7,566 | Rate: 3/s | ETA: 5.2h
2026-04-03 10:06:54,565 [INFO] Chunk 244/352 | Processed: 122,000 | Active: 10,531 | E-commerce: 7,593 | Rate: 3/s | ETA: 5.1h
2026-04-03 10:09:25,915 [INFO] Chunk 245/352 | Processed: 122,500 | Active: 10,583 | E-commerce: 7,615 | Rate: 3/s | ETA: 5.1h
2026-04-03 10:12:02,913 [INFO] Chunk 246/352 | Processed: 123,000 | Active: 10,642 | E-commerce: 7,648 | Rate: 3/s | ETA: 5.0h
2026-04-03 10:14:29,271 [INFO] Chunk 247/352 | Processed: 123,500 | Active: 10,695 | E-commerce: 7,682 | Rate: 3/s | ETA: 5.0h
2026-04-03 10:16:54,270 [INFO] Chunk 248/352 | Processed: 124,000 | Active: 10,751 | E-commerce: 7,719 | Rate: 3/s | ETA: 4.9h
2026-04-03 10:19:03,239 [INFO] Chunk 249/352 | Processed: 124,500 | Active: 10,786 | E-commerce: 7,738 | Rate: 3/s | ETA: 4.9h
2026-04-03 10:21:07,309 [INFO] Chunk 250/352 | Processed: 125,000 | Active: 10,821 | E-commerce: 7,758 | Rate: 3/s | ETA: 4.8h
2026-04-03 10:23:23,911 [INFO] Chunk 251/352 | Processed: 125,500 | Active: 10,869 | E-commerce: 7,783 | Rate: 3/s | ETA: 4.8h
2026-04-03 10:26:00,392 [INFO] Chunk 252/352 | Processed: 126,000 | Active: 10,907 | E-commerce: 7,810 | Rate: 3/s | ETA: 4.7h
2026-04-03 10:28:21,912 [INFO] Chunk 253/352 | Processed: 126,500 | Active: 10,947 | E-commerce: 7,832 | Rate: 3/s | ETA: 4.7h
2026-04-03 10:30:57,464 [INFO] Chunk 254/352 | Processed: 127,000 | Active: 11,006 | E-commerce: 7,874 | Rate: 3/s | ETA: 4.6h
2026-04-03 10:33:27,915 [INFO] Chunk 255/352 | Processed: 127,500 | Active: 11,115 | E-commerce: 7,961 | Rate: 3/s | ETA: 4.6h
2026-04-03 10:35:42,502 [INFO] Chunk 256/352 | Processed: 128,000 | Active: 11,172 | E-commerce: 7,994 | Rate: 3/s | ETA: 4.5h
2026-04-03 10:37:48,450 [INFO] Chunk 257/352 | Processed: 128,500 | Active: 11,204 | E-commerce: 8,017 | Rate: 3/s | ETA: 4.5h
2026-04-03 10:40:29,609 [INFO] Chunk 258/352 | Processed: 129,000 | Active: 11,274 | E-commerce: 8,066 | Rate: 3/s | ETA: 4.4h
2026-04-03 10:42:47,746 [INFO] Chunk 259/352 | Processed: 129,500 | Active: 11,316 | E-commerce: 8,095 | Rate: 3/s | ETA: 4.4h
2026-04-03 10:44:57,592 [INFO] Chunk 260/352 | Processed: 130,000 | Active: 11,316 | E-commerce: 8,095 | Rate: 3/s | ETA: 4.3h
2026-04-03 10:47:24,871 [INFO] Chunk 261/352 | Processed: 130,500 | Active: 11,318 | E-commerce: 8,096 | Rate: 3/s | ETA: 4.3h
2026-04-03 10:49:04,376 [INFO] Chunk 262/352 | Processed: 131,000 | Active: 11,318 | E-commerce: 8,096 | Rate: 3/s | ETA: 4.2h
2026-04-03 10:50:50,082 [INFO] Chunk 263/352 | Processed: 131,500 | Active: 11,318 | E-commerce: 8,096 | Rate: 3/s | ETA: 4.2h
2026-04-03 10:53:19,912 [INFO] Chunk 264/352 | Processed: 132,000 | Active: 11,359 | E-commerce: 8,121 | Rate: 3/s | ETA: 4.1h
2026-04-03 10:55:34,086 [INFO] Chunk 265/352 | Processed: 132,500 | Active: 11,410 | E-commerce: 8,155 | Rate: 3/s | ETA: 4.1h
2026-04-03 10:57:46,226 [INFO] Chunk 266/352 | Processed: 133,000 | Active: 11,459 | E-commerce: 8,190 | Rate: 3/s | ETA: 4.0h
2026-04-03 11:00:07,815 [INFO] Chunk 267/352 | Processed: 133,500 | Active: 11,495 | E-commerce: 8,211 | Rate: 3/s | ETA: 4.0h
2026-04-03 11:02:22,912 [INFO] Chunk 268/352 | Processed: 134,000 | Active: 11,538 | E-commerce: 8,240 | Rate: 3/s | ETA: 3.9h
2026-04-03 11:04:41,912 [INFO] Chunk 269/352 | Processed: 134,500 | Active: 11,595 | E-commerce: 8,280 | Rate: 3/s | ETA: 3.9h
2026-04-03 11:06:53,629 [INFO] Chunk 270/352 | Processed: 135,000 | Active: 11,634 | E-commerce: 8,306 | Rate: 3/s | ETA: 3.8h
2026-04-03 11:08:26,309 [INFO] Chunk 271/352 | Processed: 135,500 | Active: 11,637 | E-commerce: 8,307 | Rate: 3/s | ETA: 3.8h
2026-04-03 11:10:06,693 [INFO] Chunk 272/352 | Processed: 136,000 | Active: 11,656 | E-commerce: 8,319 | Rate: 3/s | ETA: 3.7h
2026-04-03 11:12:38,916 [INFO] Chunk 273/352 | Processed: 136,500 | Active: 11,722 | E-commerce: 8,352 | Rate: 3/s | ETA: 3.7h
2026-04-03 11:14:52,915 [INFO] Chunk 274/352 | Processed: 137,000 | Active: 11,769 | E-commerce: 8,374 | Rate: 3/s | ETA: 3.6h
2026-04-03 11:16:45,912 [INFO] Chunk 275/352 | Processed: 137,500 | Active: 11,797 | E-commerce: 8,393 | Rate: 3/s | ETA: 3.6h
2026-04-03 11:19:03,976 [INFO] Chunk 276/352 | Processed: 138,000 | Active: 11,826 | E-commerce: 8,407 | Rate: 3/s | ETA: 3.5h
2026-04-03 11:21:20,825 [INFO] Chunk 277/352 | Processed: 138,500 | Active: 11,869 | E-commerce: 8,439 | Rate: 3/s | ETA: 3.5h
2026-04-03 11:23:37,447 [INFO] Chunk 278/352 | Processed: 139,000 | Active: 11,926 | E-commerce: 8,472 | Rate: 3/s | ETA: 3.4h
2026-04-03 11:25:51,628 [INFO] Chunk 279/352 | Processed: 139,500 | Active: 11,965 | E-commerce: 8,500 | Rate: 3/s | ETA: 3.4h
2026-04-03 11:28:20,915 [INFO] Chunk 280/352 | Processed: 140,000 | Active: 12,024 | E-commerce: 8,534 | Rate: 3/s | ETA: 3.3h
2026-04-03 11:30:10,225 [INFO] Chunk 281/352 | Processed: 140,500 | Active: 12,032 | E-commerce: 8,540 | Rate: 3/s | ETA: 3.3h
2026-04-03 11:32:35,685 [INFO] Chunk 282/352 | Processed: 141,000 | Active: 12,093 | E-commerce: 8,581 | Rate: 3/s | ETA: 3.2h
2026-04-03 11:35:12,323 [INFO] Chunk 283/352 | Processed: 141,500 | Active: 12,128 | E-commerce: 8,605 | Rate: 3/s | ETA: 3.2h
2026-04-03 11:37:13,568 [INFO] Chunk 284/352 | Processed: 142,000 | Active: 12,128 | E-commerce: 8,605 | Rate: 3/s | ETA: 3.1h
2026-04-03 11:37:15,032 [INFO] Chunk 285/352 | Processed: 142,500 | Active: 12,128 | E-commerce: 8,605 | Rate: 3/s | ETA: 3.1h
2026-04-03 11:37:16,488 [INFO] Chunk 286/352 | Processed: 143,000 | Active: 12,128 | E-commerce: 8,605 | Rate: 3/s | ETA: 3.0h
2026-04-03 11:37:17,923 [INFO] Chunk 287/352 | Processed: 143,500 | Active: 12,128 | E-commerce: 8,605 | Rate: 3/s | ETA: 3.0h
2026-04-03 11:37:19,431 [INFO] Chunk 288/352 | Processed: 144,000 | Active: 12,128 | E-commerce: 8,605 | Rate: 3/s | ETA: 2.9h
2026-04-03 11:37:20,903 [INFO] Chunk 289/352 | Processed: 144,500 | Active: 12,128 | E-commerce: 8,605 | Rate: 3/s | ETA: 2.8h
2026-04-03 11:37:22,372 [INFO] Chunk 290/352 | Processed: 145,000 | Active: 12,128 | E-commerce: 8,605 | Rate: 3/s | ETA: 2.8h
2026-04-03 11:37:23,817 [INFO] Chunk 291/352 | Processed: 145,500 | Active: 12,128 | E-commerce: 8,605 | Rate: 3/s | ETA: 2.7h
2026-04-03 11:37:25,361 [INFO] Chunk 292/352 | Processed: 146,000 | Active: 12,128 | E-commerce: 8,605 | Rate: 3/s | ETA: 2.7h
2026-04-03 11:37:26,917 [INFO] Chunk 293/352 | Processed: 146,500 | Active: 12,128 | E-commerce: 8,605 | Rate: 3/s | ETA: 2.6h
2026-04-03 11:37:28,371 [INFO] Chunk 294/352 | Processed: 147,000 | Active: 12,128 | E-commerce: 8,605 | Rate: 3/s | ETA: 2.6h
2026-04-03 11:37:29,868 [INFO] Chunk 295/352 | Processed: 147,500 | Active: 12,128 | E-commerce: 8,605 | Rate: 3/s | ETA: 2.5h
2026-04-03 11:37:31,361 [INFO] Chunk 296/352 | Processed: 148,000 | Active: 12,128 | E-commerce: 8,605 | Rate: 3/s | ETA: 2.5h
2026-04-03 11:37:32,848 [INFO] Chunk 297/352 | Processed: 148,500 | Active: 12,128 | E-commerce: 8,605 | Rate: 3/s | ETA: 2.4h
2026-04-03 11:37:34,352 [INFO] Chunk 298/352 | Processed: 149,000 | Active: 12,128 | E-commerce: 8,605 | Rate: 3/s | ETA: 2.4h
2026-04-03 11:37:35,793 [INFO] Chunk 299/352 | Processed: 149,500 | Active: 12,128 | E-commerce: 8,605 | Rate: 3/s | ETA: 2.3h
2026-04-03 11:37:37,259 [INFO] Chunk 300/352 | Processed: 150,000 | Active: 12,128 | E-commerce: 8,605 | Rate: 3/s | ETA: 2.3h
2026-04-03 11:37:38,770 [INFO] Chunk 301/352 | Processed: 150,500 | Active: 12,128 | E-commerce: 8,605 | Rate: 3/s | ETA: 2.2h
2026-04-03 11:37:40,258 [INFO] Chunk 302/352 | Processed: 151,000 | Active: 12,128 | E-commerce: 8,605 | Rate: 3/s | ETA: 2.2h
2026-04-03 11:39:04,912 [INFO] Chunk 303/352 | Processed: 151,500 | Active: 12,151 | E-commerce: 8,619 | Rate: 3/s | ETA: 2.1h
2026-04-03 11:40:57,647 [INFO] Chunk 304/352 | Processed: 152,000 | Active: 12,185 | E-commerce: 8,639 | Rate: 3/s | ETA: 2.1h
2026-04-03 11:42:36,293 [INFO] Chunk 305/352 | Processed: 152,500 | Active: 12,199 | E-commerce: 8,647 | Rate: 3/s | ETA: 2.0h
2026-04-03 11:44:32,169 [INFO] Chunk 306/352 | Processed: 153,000 | Active: 12,229 | E-commerce: 8,665 | Rate: 3/s | ETA: 2.0h
2026-04-03 11:47:13,307 [INFO] Chunk 307/352 | Processed: 153,500 | Active: 12,268 | E-commerce: 8,689 | Rate: 3/s | ETA: 1.9h
2026-04-03 11:49:53,911 [INFO] Chunk 308/352 | Processed: 154,000 | Active: 12,305 | E-commerce: 8,712 | Rate: 3/s | ETA: 1.9h
2026-04-03 11:52:22,915 [INFO] Chunk 309/352 | Processed: 154,500 | Active: 12,335 | E-commerce: 8,728 | Rate: 3/s | ETA: 1.8h
2026-04-03 11:53:55,911 [INFO] Chunk 310/352 | Processed: 155,000 | Active: 12,347 | E-commerce: 8,736 | Rate: 3/s | ETA: 1.8h
2026-04-03 11:56:10,918 [INFO] Chunk 311/352 | Processed: 155,500 | Active: 12,371 | E-commerce: 8,753 | Rate: 3/s | ETA: 1.8h
2026-04-03 11:58:30,912 [INFO] Chunk 312/352 | Processed: 156,000 | Active: 12,398 | E-commerce: 8,774 | Rate: 3/s | ETA: 1.7h
2026-04-03 12:00:22,577 [INFO] Chunk 313/352 | Processed: 156,500 | Active: 12,432 | E-commerce: 8,792 | Rate: 3/s | ETA: 1.7h
2026-04-03 12:02:03,904 [INFO] Chunk 314/352 | Processed: 157,000 | Active: 12,445 | E-commerce: 8,799 | Rate: 3/s | ETA: 1.6h
2026-04-03 12:03:27,532 [INFO] Chunk 315/352 | Processed: 157,500 | Active: 12,462 | E-commerce: 8,808 | Rate: 3/s | ETA: 1.6h
2026-04-03 12:04:31,260 [INFO] Chunk 316/352 | Processed: 158,000 | Active: 12,462 | E-commerce: 8,808 | Rate: 3/s | ETA: 1.5h
2026-04-03 12:06:53,931 [INFO] Chunk 317/352 | Processed: 158,500 | Active: 12,495 | E-commerce: 8,828 | Rate: 3/s | ETA: 1.5h
2026-04-03 12:09:12,913 [INFO] Chunk 318/352 | Processed: 159,000 | Active: 12,563 | E-commerce: 8,876 | Rate: 3/s | ETA: 1.4h
2026-04-03 12:11:35,640 [INFO] Chunk 319/352 | Processed: 159,500 | Active: 12,604 | E-commerce: 8,902 | Rate: 3/s | ETA: 1.4h
2026-04-03 12:13:31,931 [INFO] Chunk 320/352 | Processed: 160,000 | Active: 12,635 | E-commerce: 8,919 | Rate: 3/s | ETA: 1.4h
2026-04-03 12:15:08,745 [INFO] Chunk 321/352 | Processed: 160,500 | Active: 12,638 | E-commerce: 8,920 | Rate: 3/s | ETA: 1.3h
2026-04-03 12:17:19,917 [INFO] Chunk 322/352 | Processed: 161,000 | Active: 12,672 | E-commerce: 8,939 | Rate: 3/s | ETA: 1.3h
2026-04-03 12:19:35,913 [INFO] Chunk 323/352 | Processed: 161,500 | Active: 12,720 | E-commerce: 8,975 | Rate: 3/s | ETA: 1.2h
2026-04-03 12:21:22,491 [INFO] Chunk 324/352 | Processed: 162,000 | Active: 12,737 | E-commerce: 8,984 | Rate: 3/s | ETA: 1.2h
2026-04-03 12:23:08,912 [INFO] Chunk 325/352 | Processed: 162,500 | Active: 12,742 | E-commerce: 8,987 | Rate: 3/s | ETA: 1.1h
2026-04-03 12:25:23,563 [INFO] Chunk 326/352 | Processed: 163,000 | Active: 12,761 | E-commerce: 9,000 | Rate: 3/s | ETA: 1.1h
2026-04-03 12:27:45,856 [INFO] Chunk 327/352 | Processed: 163,500 | Active: 12,796 | E-commerce: 9,027 | Rate: 3/s | ETA: 1.0h
2026-04-03 12:30:15,911 [INFO] Chunk 328/352 | Processed: 164,000 | Active: 12,835 | E-commerce: 9,057 | Rate: 3/s | ETA: 1.0h
2026-04-03 12:32:47,179 [INFO] Chunk 329/352 | Processed: 164,500 | Active: 12,869 | E-commerce: 9,078 | Rate: 3/s | ETA: 1.0h
2026-04-03 12:35:16,250 [INFO] Chunk 330/352 | Processed: 165,000 | Active: 12,929 | E-commerce: 9,119 | Rate: 3/s | ETA: 0.9h
2026-04-03 12:37:51,913 [INFO] Chunk 331/352 | Processed: 165,500 | Active: 12,973 | E-commerce: 9,150 | Rate: 3/s | ETA: 0.9h
2026-04-03 12:40:19,930 [INFO] Chunk 332/352 | Processed: 166,000 | Active: 12,998 | E-commerce: 9,165 | Rate: 3/s | ETA: 0.8h
2026-04-03 12:42:43,911 [INFO] Chunk 333/352 | Processed: 166,500 | Active: 13,054 | E-commerce: 9,194 | Rate: 3/s | ETA: 0.8h
2026-04-03 12:45:10,912 [INFO] Chunk 334/352 | Processed: 167,000 | Active: 13,101 | E-commerce: 9,221 | Rate: 3/s | ETA: 0.7h
2026-04-03 12:47:14,550 [INFO] Chunk 335/352 | Processed: 167,500 | Active: 13,147 | E-commerce: 9,250 | Rate: 3/s | ETA: 0.7h
2026-04-03 12:49:39,393 [INFO] Chunk 336/352 | Processed: 168,000 | Active: 13,182 | E-commerce: 9,270 | Rate: 3/s | ETA: 0.7h
2026-04-03 12:51:45,076 [INFO] Chunk 337/352 | Processed: 168,500 | Active: 13,228 | E-commerce: 9,301 | Rate: 3/s | ETA: 0.6h
2026-04-03 12:53:42,637 [INFO] Chunk 338/352 | Processed: 169,000 | Active: 13,257 | E-commerce: 9,314 | Rate: 3/s | ETA: 0.6h
2026-04-03 12:56:18,044 [INFO] Chunk 339/352 | Processed: 169,500 | Active: 13,308 | E-commerce: 9,344 | Rate: 3/s | ETA: 0.5h
2026-04-03 13:00:12,514 [INFO] Chunk 340/352 | Processed: 170,000 | Active: 13,345 | E-commerce: 9,369 | Rate: 3/s | ETA: 0.5h
2026-04-03 13:03:34,520 [INFO] Chunk 341/352 | Processed: 170,500 | Active: 13,369 | E-commerce: 9,383 | Rate: 3/s | ETA: 0.4h
2026-04-03 13:07:08,744 [INFO] Chunk 342/352 | Processed: 171,000 | Active: 13,402 | E-commerce: 9,406 | Rate: 3/s | ETA: 0.4h
2026-04-03 13:10:08,011 [INFO] Chunk 343/352 | Processed: 171,500 | Active: 13,443 | E-commerce: 9,434 | Rate: 3/s | ETA: 0.4h
2026-04-03 13:13:11,505 [INFO] Chunk 344/352 | Processed: 172,000 | Active: 13,468 | E-commerce: 9,454 | Rate: 3/s | ETA: 0.3h
2026-04-03 13:14:11,092 [INFO] Chunk 345/352 | Processed: 172,500 | Active: 13,468 | E-commerce: 9,454 | Rate: 3/s | ETA: 0.3h
2026-04-03 13:15:16,299 [INFO] Chunk 346/352 | Processed: 173,000 | Active: 13,468 | E-commerce: 9,454 | Rate: 3/s | ETA: 0.2h
2026-04-03 13:17:22,262 [INFO] Chunk 347/352 | Processed: 173,500 | Active: 13,489 | E-commerce: 9,461 | Rate: 3/s | ETA: 0.2h
2026-04-03 13:22:00,205 [INFO] Chunk 348/352 | Processed: 174,000 | Active: 13,490 | E-commerce: 9,462 | Rate: 3/s | ETA: 0.1h
2026-04-03 13:25:50,464 [INFO] Chunk 349/352 | Processed: 174,500 | Active: 13,491 | E-commerce: 9,462 | Rate: 3/s | ETA: 0.1h
2026-04-03 13:29:28,147 [INFO] Chunk 350/352 | Processed: 175,000 | Active: 13,502 | E-commerce: 9,471 | Rate: 3/s | ETA: 0.1h
2026-04-03 13:32:47,283 [INFO] Chunk 351/352 | Processed: 175,500 | Active: 13,529 | E-commerce: 9,488 | Rate: 3/s | ETA: 0.0h
2026-04-03 13:34:11,746 [INFO] Chunk 352/352 | Processed: 175,658 | Active: 13,534 | E-commerce: 9,492 | Rate: 3/s | ETA: 0.0h
2026-04-03 13:34:11,746 [INFO] 
============================================================
2026-04-03 13:34:11,746 [INFO] VERIFICATION COMPLETE
2026-04-03 13:34:11,746 [INFO] ============================================================
2026-04-03 13:34:11,746 [INFO]   Total processed: 175,658
2026-04-03 13:34:11,746 [INFO]   Active: 13,534 (7.7%)
2026-04-03 13:34:11,746 [INFO]   E-commerce: 9,492 (5.4%)
2026-04-03 13:34:11,746 [INFO]   Time: 15.1 hours
2026-04-03 13:34:11,746 [INFO]   Output: output/verified_bottom.csv
