nohup: ignoring input
2026-04-02 21:50:42,851 [INFO] Loaded 48,454 domains from output/remaining_ecom_filtered.csv
2026-04-02 21:50:42,851 [INFO] To process: 48,454
2026-04-02 21:50:42,851 [INFO] Workers: 15, Chunk size: 500
2026-04-02 21:55:05,438 [INFO] Chunk 1/97 | Processed: 500 | Active: 310 | E-commerce: 55 (11.0%) | Rate: 2/s | ETA: 7.0h
2026-04-02 21:59:56,098 [INFO] Chunk 2/97 | Processed: 1,000 | Active: 554 | E-commerce: 89 (8.9%) | Rate: 2/s | ETA: 7.3h
2026-04-02 22:03:58,346 [INFO] Chunk 3/97 | Processed: 1,500 | Active: 861 | E-commerce: 136 (9.1%) | Rate: 2/s | ETA: 6.9h
2026-04-02 22:07:50,462 [INFO] Chunk 4/97 | Processed: 2,000 | Active: 1,188 | E-commerce: 191 (9.6%) | Rate: 2/s | ETA: 6.6h
2026-04-02 22:12:03,911 [INFO] Chunk 5/97 | Processed: 2,500 | Active: 1,479 | E-commerce: 223 (8.9%) | Rate: 2/s | ETA: 6.5h
2026-04-02 22:15:43,743 [INFO] Chunk 6/97 | Processed: 3,000 | Active: 1,785 | E-commerce: 248 (8.3%) | Rate: 2/s | ETA: 6.3h
2026-04-02 22:19:29,812 [INFO] Chunk 7/97 | Processed: 3,500 | Active: 2,092 | E-commerce: 270 (7.7%) | Rate: 2/s | ETA: 6.2h
2026-04-02 22:22:54,799 [INFO] Chunk 8/97 | Processed: 4,000 | Active: 2,449 | E-commerce: 306 (7.7%) | Rate: 2/s | ETA: 6.0h
2026-04-02 22:27:16,300 [INFO] Chunk 9/97 | Processed: 4,500 | Active: 2,764 | E-commerce: 344 (7.6%) | Rate: 2/s | ETA: 6.0h
2026-04-02 22:31:17,918 [INFO] Chunk 10/97 | Processed: 5,000 | Active: 3,085 | E-commerce: 379 (7.6%) | Rate: 2/s | ETA: 5.9h
2026-04-02 22:35:12,910 [INFO] Chunk 11/97 | Processed: 5,500 | Active: 3,402 | E-commerce: 426 (7.7%) | Rate: 2/s | ETA: 5.8h
2026-04-02 22:39:09,916 [INFO] Chunk 12/97 | Processed: 6,000 | Active: 3,746 | E-commerce: 480 (8.0%) | Rate: 2/s | ETA: 5.7h
2026-04-02 22:42:58,305 [INFO] Chunk 13/97 | Processed: 6,500 | Active: 4,085 | E-commerce: 523 (8.0%) | Rate: 2/s | ETA: 5.6h
2026-04-02 22:45:47,801 [INFO] Chunk 14/97 | Processed: 7,000 | Active: 4,442 | E-commerce: 572 (8.2%) | Rate: 2/s | ETA: 5.4h
2026-04-02 22:48:40,078 [INFO] Chunk 15/97 | Processed: 7,500 | Active: 4,796 | E-commerce: 625 (8.3%) | Rate: 2/s | ETA: 5.3h
2026-04-02 22:51:23,004 [INFO] Chunk 16/97 | Processed: 8,000 | Active: 5,157 | E-commerce: 682 (8.5%) | Rate: 2/s | ETA: 5.1h
2026-04-02 22:54:22,670 [INFO] Chunk 17/97 | Processed: 8,500 | Active: 5,506 | E-commerce: 739 (8.7%) | Rate: 2/s | ETA: 5.0h
2026-04-02 22:57:16,917 [INFO] Chunk 18/97 | Processed: 9,000 | Active: 5,887 | E-commerce: 803 (8.9%) | Rate: 2/s | ETA: 4.9h
2026-04-02 23:00:24,936 [INFO] Chunk 19/97 | Processed: 9,500 | Active: 6,239 | E-commerce: 856 (9.0%) | Rate: 2/s | ETA: 4.8h
2026-04-02 23:03:21,912 [INFO] Chunk 20/97 | Processed: 10,000 | Active: 6,600 | E-commerce: 900 (9.0%) | Rate: 2/s | ETA: 4.7h
2026-04-02 23:06:15,519 [INFO] Chunk 21/97 | Processed: 10,500 | Active: 6,961 | E-commerce: 944 (9.0%) | Rate: 2/s | ETA: 4.6h
2026-04-02 23:09:00,109 [INFO] Chunk 22/97 | Processed: 11,000 | Active: 7,314 | E-commerce: 1,000 (9.1%) | Rate: 2/s | ETA: 4.4h
2026-04-02 23:12:04,911 [INFO] Chunk 23/97 | Processed: 11,500 | Active: 7,667 | E-commerce: 1,042 (9.1%) | Rate: 2/s | ETA: 4.4h
2026-04-02 23:15:10,917 [INFO] Chunk 24/97 | Processed: 12,000 | Active: 8,016 | E-commerce: 1,093 (9.1%) | Rate: 2/s | ETA: 4.3h
2026-04-02 23:18:43,205 [INFO] Chunk 25/97 | Processed: 12,500 | Active: 8,373 | E-commerce: 1,139 (9.1%) | Rate: 2/s | ETA: 4.2h
2026-04-02 23:22:04,210 [INFO] Chunk 26/97 | Processed: 13,000 | Active: 8,740 | E-commerce: 1,199 (9.2%) | Rate: 2/s | ETA: 4.2h
2026-04-02 23:25:23,500 [INFO] Chunk 27/97 | Processed: 13,500 | Active: 9,103 | E-commerce: 1,265 (9.4%) | Rate: 2/s | ETA: 4.1h
2026-04-02 23:28:45,622 [INFO] Chunk 28/97 | Processed: 14,000 | Active: 9,449 | E-commerce: 1,305 (9.3%) | Rate: 2/s | ETA: 4.0h
2026-04-02 23:33:36,911 [INFO] Chunk 29/97 | Processed: 14,500 | Active: 9,666 | E-commerce: 1,334 (9.2%) | Rate: 2/s | ETA: 4.0h
2026-04-02 23:39:28,197 [INFO] Chunk 30/97 | Processed: 15,000 | Active: 9,801 | E-commerce: 1,348 (9.0%) | Rate: 2/s | ETA: 4.0h
2026-04-02 23:46:01,848 [INFO] Chunk 31/97 | Processed: 15,500 | Active: 9,860 | E-commerce: 1,358 (8.8%) | Rate: 2/s | ETA: 4.1h
2026-04-02 23:52:31,115 [INFO] Chunk 32/97 | Processed: 16,000 | Active: 9,935 | E-commerce: 1,365 (8.5%) | Rate: 2/s | ETA: 4.1h
2026-04-02 23:58:40,335 [INFO] Chunk 33/97 | Processed: 16,500 | Active: 10,018 | E-commerce: 1,372 (8.3%) | Rate: 2/s | ETA: 4.1h
2026-04-03 00:05:02,786 [INFO] Chunk 34/97 | Processed: 17,000 | Active: 10,094 | E-commerce: 1,381 (8.1%) | Rate: 2/s | ETA: 4.1h
2026-04-03 00:12:09,359 [INFO] Chunk 35/97 | Processed: 17,500 | Active: 10,094 | E-commerce: 1,381 (7.9%) | Rate: 2/s | ETA: 4.2h
2026-04-03 00:17:48,639 [INFO] Chunk 36/97 | Processed: 18,000 | Active: 10,273 | E-commerce: 1,401 (7.8%) | Rate: 2/s | ETA: 4.1h
2026-04-03 00:23:34,957 [INFO] Chunk 37/97 | Processed: 18,500 | Active: 10,453 | E-commerce: 1,428 (7.7%) | Rate: 2/s | ETA: 4.1h
2026-04-03 00:29:13,350 [INFO] Chunk 38/97 | Processed: 19,000 | Active: 10,635 | E-commerce: 1,459 (7.7%) | Rate: 2/s | ETA: 4.1h
2026-04-03 00:34:42,851 [INFO] Chunk 39/97 | Processed: 19,500 | Active: 10,833 | E-commerce: 1,481 (7.6%) | Rate: 2/s | ETA: 4.1h
2026-04-03 00:41:06,860 [INFO] Chunk 40/97 | Processed: 20,000 | Active: 10,945 | E-commerce: 1,495 (7.5%) | Rate: 2/s | ETA: 4.0h
2026-04-03 00:47:14,595 [INFO] Chunk 41/97 | Processed: 20,500 | Active: 11,067 | E-commerce: 1,513 (7.4%) | Rate: 2/s | ETA: 4.0h
2026-04-03 00:54:01,881 [INFO] Chunk 42/97 | Processed: 21,000 | Active: 11,104 | E-commerce: 1,518 (7.2%) | Rate: 2/s | ETA: 4.0h
2026-04-03 01:00:42,131 [INFO] Chunk 43/97 | Processed: 21,500 | Active: 11,140 | E-commerce: 1,526 (7.1%) | Rate: 2/s | ETA: 4.0h
2026-04-03 01:07:33,549 [INFO] Chunk 44/97 | Processed: 22,000 | Active: 11,154 | E-commerce: 1,527 (6.9%) | Rate: 2/s | ETA: 3.9h
2026-04-03 01:14:28,449 [INFO] Chunk 45/97 | Processed: 22,500 | Active: 11,167 | E-commerce: 1,528 (6.8%) | Rate: 2/s | ETA: 3.9h
2026-04-03 01:21:08,847 [INFO] Chunk 46/97 | Processed: 23,000 | Active: 11,203 | E-commerce: 1,532 (6.7%) | Rate: 2/s | ETA: 3.9h
2026-04-03 01:27:31,790 [INFO] Chunk 47/97 | Processed: 23,500 | Active: 11,319 | E-commerce: 1,551 (6.6%) | Rate: 2/s | ETA: 3.8h
2026-04-03 01:34:35,758 [INFO] Chunk 48/97 | Processed: 24,000 | Active: 11,320 | E-commerce: 1,551 (6.5%) | Rate: 2/s | ETA: 3.8h
2026-04-03 01:40:42,823 [INFO] Chunk 49/97 | Processed: 24,500 | Active: 11,467 | E-commerce: 1,571 (6.4%) | Rate: 2/s | ETA: 3.7h
2026-04-03 01:47:42,562 [INFO] Chunk 50/97 | Processed: 25,000 | Active: 11,485 | E-commerce: 1,573 (6.3%) | Rate: 2/s | ETA: 3.7h
2026-04-03 01:54:40,850 [INFO] Chunk 51/97 | Processed: 25,500 | Active: 11,491 | E-commerce: 1,574 (6.2%) | Rate: 2/s | ETA: 3.7h
2026-04-03 02:01:06,972 [INFO] Chunk 52/97 | Processed: 26,000 | Active: 11,587 | E-commerce: 1,590 (6.1%) | Rate: 2/s | ETA: 3.6h
2026-04-03 02:07:49,854 [INFO] Chunk 53/97 | Processed: 26,500 | Active: 11,625 | E-commerce: 1,596 (6.0%) | Rate: 2/s | ETA: 3.6h
2026-04-03 02:14:36,872 [INFO] Chunk 54/97 | Processed: 27,000 | Active: 11,657 | E-commerce: 1,602 (5.9%) | Rate: 2/s | ETA: 3.5h
2026-04-03 02:20:58,858 [INFO] Chunk 55/97 | Processed: 27,500 | Active: 11,761 | E-commerce: 1,614 (5.9%) | Rate: 2/s | ETA: 3.4h
2026-04-03 02:27:49,269 [INFO] Chunk 56/97 | Processed: 28,000 | Active: 11,786 | E-commerce: 1,617 (5.8%) | Rate: 2/s | ETA: 3.4h
2026-04-03 02:34:45,836 [INFO] Chunk 57/97 | Processed: 28,500 | Active: 11,796 | E-commerce: 1,619 (5.7%) | Rate: 2/s | ETA: 3.3h
2026-04-03 02:41:37,495 [INFO] Chunk 58/97 | Processed: 29,000 | Active: 11,815 | E-commerce: 1,621 (5.6%) | Rate: 2/s | ETA: 3.3h
2026-04-03 02:47:48,755 [INFO] Chunk 59/97 | Processed: 29,500 | Active: 11,916 | E-commerce: 1,633 (5.5%) | Rate: 2/s | ETA: 3.2h
2026-04-03 02:54:43,181 [INFO] Chunk 60/97 | Processed: 30,000 | Active: 11,938 | E-commerce: 1,635 (5.5%) | Rate: 2/s | ETA: 3.1h
2026-04-03 03:01:21,171 [INFO] Chunk 61/97 | Processed: 30,500 | Active: 11,980 | E-commerce: 1,642 (5.4%) | Rate: 2/s | ETA: 3.0h
2026-04-03 03:07:52,866 [INFO] Chunk 62/97 | Processed: 31,000 | Active: 12,022 | E-commerce: 1,648 (5.3%) | Rate: 2/s | ETA: 3.0h
2026-04-03 03:14:29,830 [INFO] Chunk 63/97 | Processed: 31,500 | Active: 12,077 | E-commerce: 1,656 (5.3%) | Rate: 2/s | ETA: 2.9h
2026-04-03 03:21:35,585 [INFO] Chunk 64/97 | Processed: 32,000 | Active: 12,077 | E-commerce: 1,656 (5.2%) | Rate: 2/s | ETA: 2.8h
2026-04-03 03:28:11,315 [INFO] Chunk 65/97 | Processed: 32,500 | Active: 12,109 | E-commerce: 1,658 (5.1%) | Rate: 2/s | ETA: 2.8h
2026-04-03 03:34:44,691 [INFO] Chunk 66/97 | Processed: 33,000 | Active: 12,178 | E-commerce: 1,663 (5.0%) | Rate: 2/s | ETA: 2.7h
2026-04-03 03:39:31,271 [INFO] Chunk 67/97 | Processed: 33,500 | Active: 12,474 | E-commerce: 1,716 (5.1%) | Rate: 2/s | ETA: 2.6h
2026-04-03 03:46:13,178 [INFO] Chunk 68/97 | Processed: 34,000 | Active: 12,509 | E-commerce: 1,719 (5.1%) | Rate: 2/s | ETA: 2.5h
2026-04-03 03:52:14,872 [INFO] Chunk 69/97 | Processed: 34,500 | Active: 12,645 | E-commerce: 1,740 (5.0%) | Rate: 2/s | ETA: 2.4h
2026-04-03 03:58:50,795 [INFO] Chunk 70/97 | Processed: 35,000 | Active: 12,688 | E-commerce: 1,746 (5.0%) | Rate: 2/s | ETA: 2.4h
2026-04-03 04:04:48,625 [INFO] Chunk 71/97 | Processed: 35,500 | Active: 12,823 | E-commerce: 1,765 (5.0%) | Rate: 2/s | ETA: 2.3h
2026-04-03 04:09:49,760 [INFO] Chunk 72/97 | Processed: 36,000 | Active: 13,047 | E-commerce: 1,797 (5.0%) | Rate: 2/s | ETA: 2.2h
2026-04-03 04:14:51,355 [INFO] Chunk 73/97 | Processed: 36,500 | Active: 13,309 | E-commerce: 1,831 (5.0%) | Rate: 2/s | ETA: 2.1h
2026-04-03 04:19:51,676 [INFO] Chunk 74/97 | Processed: 37,000 | Active: 13,553 | E-commerce: 1,867 (5.0%) | Rate: 2/s | ETA: 2.0h
2026-04-03 04:25:36,870 [INFO] Chunk 75/97 | Processed: 37,500 | Active: 13,716 | E-commerce: 1,892 (5.0%) | Rate: 2/s | ETA: 1.9h
2026-04-03 04:30:33,875 [INFO] Chunk 76/97 | Processed: 38,000 | Active: 13,949 | E-commerce: 1,927 (5.1%) | Rate: 2/s | ETA: 1.8h
2026-04-03 04:33:56,442 [INFO] Chunk 77/97 | Processed: 38,500 | Active: 14,305 | E-commerce: 1,976 (5.1%) | Rate: 2/s | ETA: 1.7h
2026-04-03 04:37:07,650 [INFO] Chunk 78/97 | Processed: 39,000 | Active: 14,680 | E-commerce: 2,024 (5.2%) | Rate: 2/s | ETA: 1.6h
2026-04-03 04:39:57,914 [INFO] Chunk 79/97 | Processed: 39,500 | Active: 15,032 | E-commerce: 2,075 (5.3%) | Rate: 2/s | ETA: 1.5h
2026-04-03 04:43:02,713 [INFO] Chunk 80/97 | Processed: 40,000 | Active: 15,413 | E-commerce: 2,144 (5.4%) | Rate: 2/s | ETA: 1.5h
2026-04-03 04:46:04,554 [INFO] Chunk 81/97 | Processed: 40,500 | Active: 15,771 | E-commerce: 2,196 (5.4%) | Rate: 2/s | ETA: 1.4h
2026-04-03 04:48:58,882 [INFO] Chunk 82/97 | Processed: 41,000 | Active: 16,134 | E-commerce: 2,258 (5.5%) | Rate: 2/s | ETA: 1.3h
2026-04-03 04:51:56,915 [INFO] Chunk 83/97 | Processed: 41,500 | Active: 16,501 | E-commerce: 2,301 (5.5%) | Rate: 2/s | ETA: 1.2h
2026-04-03 04:54:51,915 [INFO] Chunk 84/97 | Processed: 42,000 | Active: 16,836 | E-commerce: 2,355 (5.6%) | Rate: 2/s | ETA: 1.1h
2026-04-03 04:57:41,218 [INFO] Chunk 85/97 | Processed: 42,500 | Active: 17,206 | E-commerce: 2,402 (5.7%) | Rate: 2/s | ETA: 1.0h
2026-04-03 05:00:30,071 [INFO] Chunk 86/97 | Processed: 43,000 | Active: 17,571 | E-commerce: 2,455 (5.7%) | Rate: 2/s | ETA: 0.9h
2026-04-03 05:03:33,307 [INFO] Chunk 87/97 | Processed: 43,500 | Active: 17,913 | E-commerce: 2,498 (5.7%) | Rate: 2/s | ETA: 0.8h
2026-04-03 05:06:43,913 [INFO] Chunk 88/97 | Processed: 44,000 | Active: 18,273 | E-commerce: 2,546 (5.8%) | Rate: 2/s | ETA: 0.7h
2026-04-03 05:09:54,123 [INFO] Chunk 89/97 | Processed: 44,500 | Active: 18,614 | E-commerce: 2,588 (5.8%) | Rate: 2/s | ETA: 0.7h
2026-04-03 05:12:45,998 [INFO] Chunk 90/97 | Processed: 45,000 | Active: 18,973 | E-commerce: 2,636 (5.9%) | Rate: 2/s | ETA: 0.6h
2026-04-03 05:15:45,915 [INFO] Chunk 91/97 | Processed: 45,500 | Active: 19,327 | E-commerce: 2,693 (5.9%) | Rate: 2/s | ETA: 0.5h
2026-04-03 05:18:28,931 [INFO] Chunk 92/97 | Processed: 46,000 | Active: 19,689 | E-commerce: 2,756 (6.0%) | Rate: 2/s | ETA: 0.4h
2026-04-03 05:21:22,987 [INFO] Chunk 93/97 | Processed: 46,500 | Active: 20,055 | E-commerce: 2,813 (6.0%) | Rate: 2/s | ETA: 0.3h
2026-04-03 05:24:05,474 [INFO] Chunk 94/97 | Processed: 47,000 | Active: 20,425 | E-commerce: 2,870 (6.1%) | Rate: 2/s | ETA: 0.2h
2026-04-03 05:27:04,914 [INFO] Chunk 95/97 | Processed: 47,500 | Active: 20,796 | E-commerce: 2,933 (6.2%) | Rate: 2/s | ETA: 0.2h
2026-04-03 05:30:07,916 [INFO] Chunk 96/97 | Processed: 48,000 | Active: 21,184 | E-commerce: 2,982 (6.2%) | Rate: 2/s | ETA: 0.1h
2026-04-03 05:32:48,979 [INFO] Chunk 97/97 | Processed: 48,454 | Active: 21,508 | E-commerce: 3,026 (6.2%) | Rate: 2/s | ETA: 0.0h
2026-04-03 05:32:48,979 [INFO] DONE in 27726s. Processed: 48,454
2026-04-03 05:32:48,979 [INFO] Active: 21,508 | E-commerce: 3,026
