2026-04-02 12:42:43.033 | INFO     | run_premium_outreach:run_premium_session:503 - 🚀 Starting MORNING session — DM quota: 2 (TEST MODE)
2026-04-02 12:42:49.591 | INFO     | run_premium_outreach:run_premium_session:534 - Connected as Roger (@Roger_Adflux) | Premium: True
2026-04-02 12:42:49.591 | INFO     | run_premium_outreach:run_premium_session:537 - 📖 Phase 1: Opening organic activity...
2026-04-02 12:43:53.302 | INFO     | run_premium_outreach:run_premium_session:546 - 📨 Phase 2: Sending DM batch 1 (2 DMs)...
2026-04-02 12:43:56.954 | WARNING  | run_premium_outreach:send_dm_batch:432 - ❌ DM to @adwordx failed: '_ChatAction' object can't be awaited
2026-04-02 12:43:56.954 | DEBUG    | run_premium_outreach:send_dm_batch:439 - ⏳ Inter-DM delay: 44.0s
2026-04-02 12:44:44.003 | WARNING  | run_premium_outreach:send_dm_batch:432 - ❌ DM to @examcase failed: '_ChatAction' object can't be awaited
2026-04-02 12:44:44.003 | INFO     | run_premium_outreach:run_premium_session:559 - 📖 Phase 3: Mid-session organic activity...
2026-04-02 12:46:03.762 | INFO     | run_premium_outreach:run_premium_session:568 - 📨 Phase 4: Sending DM batch 2 (2 DMs)...
2026-04-02 12:46:05.611 | WARNING  | run_premium_outreach:send_dm_batch:432 - ❌ DM to @leo_of_wallstreet failed: '_ChatAction' object can't be awaited
2026-04-02 12:46:05.611 | DEBUG    | run_premium_outreach:send_dm_batch:439 - ⏳ Inter-DM delay: 41.0s
2026-04-02 12:46:49.893 | WARNING  | run_premium_outreach:send_dm_batch:432 - ❌ DM to @nmuriiii failed: '_ChatAction' object can't be awaited
2026-04-02 12:46:49.893 | INFO     | run_premium_outreach:run_premium_session:576 - 📖 Phase 5: Closing organic activity...
2026-04-02 12:47:28.348 | INFO     | run_premium_outreach:run_premium_session:598 - 🤖 Checking @SpamBot...
2026-04-02 12:47:35.180 | INFO     | run_premium_outreach:run_premium_session:600 - SpamBot status: clean
2026-04-02 12:47:35.197 | INFO     | run_premium_outreach:run_premium_session:630 - 
==================================================
2026-04-02 12:47:35.197 | INFO     | run_premium_outreach:run_premium_session:631 - 📊 MORNING SESSION SUMMARY
2026-04-02 12:47:35.197 | INFO     | run_premium_outreach:run_premium_session:632 - ==================================================
2026-04-02 12:47:35.197 | INFO     | run_premium_outreach:run_premium_session:633 -   ✅ DMs sent: 0
2026-04-02 12:47:35.197 | INFO     | run_premium_outreach:run_premium_session:634 -   ❌ DMs failed: 4
2026-04-02 12:47:35.197 | INFO     | run_premium_outreach:run_premium_session:635 -   📖 Organic actions: 5
2026-04-02 12:47:35.197 | INFO     | run_premium_outreach:run_premium_session:636 -   ⚠️ Flood waits: 0
2026-04-02 12:47:35.197 | INFO     | run_premium_outreach:run_premium_session:637 -   🤖 SpamBot: clean
2026-04-02 12:47:35.197 | INFO     | run_premium_outreach:run_premium_session:638 -   ⏱️ Duration: 4m 52s
2026-04-02 12:47:35.197 | INFO     | run_premium_outreach:run_premium_session:639 - ==================================================
2026-04-02 12:47:57.494 | INFO     | run_premium_outreach:run_premium_session:506 - 🚀 Starting MORNING session — DM quota: 2 (TEST MODE)
2026-04-02 12:48:03.576 | INFO     | run_premium_outreach:run_premium_session:537 - Connected as Roger (@Roger_Adflux) | Premium: True
2026-04-02 12:48:03.576 | INFO     | run_premium_outreach:run_premium_session:540 - 📖 Phase 1: Opening organic activity...
2026-04-02 12:49:10.023 | INFO     | run_premium_outreach:run_premium_session:549 - 📨 Phase 2: Sending DM batch 1 (2 DMs)...
2026-04-02 12:49:28.990 | INFO     | run_premium_outreach:send_dm_batch:402 - ✅ DM sent to @aff_sub_5 (1/2)
2026-04-02 12:49:29.003 | DEBUG    | run_premium_outreach:send_dm_batch:442 - ⏳ Inter-DM delay: 41.6s
2026-04-02 12:50:29.861 | INFO     | run_premium_outreach:send_dm_batch:402 - ✅ DM sent to @teddytheodore49 (2/2)
2026-04-02 12:50:29.873 | INFO     | run_premium_outreach:run_premium_session:562 - 📖 Phase 3: Mid-session organic activity...
2026-04-02 12:51:31.688 | INFO     | run_premium_outreach:run_premium_session:579 - 📖 Phase 5: Closing organic activity...
2026-04-02 12:52:18.966 | INFO     | run_premium_outreach:run_premium_session:633 - 
==================================================
2026-04-02 12:52:18.966 | INFO     | run_premium_outreach:run_premium_session:634 - 📊 MORNING SESSION SUMMARY
2026-04-02 12:52:18.966 | INFO     | run_premium_outreach:run_premium_session:635 - ==================================================
2026-04-02 12:52:18.966 | INFO     | run_premium_outreach:run_premium_session:636 -   ✅ DMs sent: 2
2026-04-02 12:52:18.966 | INFO     | run_premium_outreach:run_premium_session:637 -   ❌ DMs failed: 0
2026-04-02 12:52:18.966 | INFO     | run_premium_outreach:run_premium_session:638 -   📖 Organic actions: 5
2026-04-02 12:52:18.966 | INFO     | run_premium_outreach:run_premium_session:639 -   ⚠️ Flood waits: 0
2026-04-02 12:52:18.966 | INFO     | run_premium_outreach:run_premium_session:640 -   🤖 SpamBot: skipped
2026-04-02 12:52:18.966 | INFO     | run_premium_outreach:run_premium_session:641 -   ⏱️ Duration: 4m 21s
2026-04-02 12:52:18.966 | INFO     | run_premium_outreach:run_premium_session:642 - ==================================================
2026-04-02 13:39:30.213 | INFO     | __main__:main:726 - ⏰ Circadian jitter: 185s (3 min)
2026-04-02 13:39:30.213 | INFO     | __main__:main:726 - ⏰ Circadian jitter: 185s (3 min)
2026-04-02 13:40:34.158 | INFO     | __main__:main:726 - ⏰ Circadian jitter: 439s (7 min)
2026-04-02 13:41:20.994 | INFO     | run_premium_outreach:run_premium_session:506 - 🚀 Starting AFTERNOON session — DM quota: 8
2026-04-02 13:41:20.994 | INFO     | run_premium_outreach:run_premium_session:506 - 🚀 Starting AFTERNOON session — DM quota: 8
2026-04-02 13:41:26.863 | INFO     | run_premium_outreach:run_premium_session:537 - Connected as Roger (@Roger_Adflux) | Premium: True
2026-04-02 13:41:26.863 | INFO     | run_premium_outreach:run_premium_session:537 - Connected as Roger (@Roger_Adflux) | Premium: True
2026-04-02 13:41:26.863 | INFO     | run_premium_outreach:run_premium_session:540 - 📖 Phase 1: Opening organic activity...
2026-04-02 13:41:26.863 | INFO     | run_premium_outreach:run_premium_session:540 - 📖 Phase 1: Opening organic activity...
Telegram is having internal issues MsgidDecreaseRetryError: The request should be retried with a lower message ID (caused by GetHistoryRequest)
2026-04-02 13:43:30.952 | INFO     | run_premium_outreach:run_premium_session:549 - 📨 Phase 2: Sending DM batch 1 (3 DMs)...
2026-04-02 13:43:30.952 | INFO     | run_premium_outreach:run_premium_session:549 - 📨 Phase 2: Sending DM batch 1 (3 DMs)...
2026-04-02 13:43:48.719 | WARNING  | run_premium_outreach:send_dm_batch:435 - ❌ DM to @SuperJOnline failed: Cannot send requests while disconnected
2026-04-02 13:43:48.719 | WARNING  | run_premium_outreach:send_dm_batch:435 - ❌ DM to @SuperJOnline failed: Cannot send requests while disconnected
2026-04-02 13:43:48.719 | DEBUG    | run_premium_outreach:send_dm_batch:442 - ⏳ Inter-DM delay: 43.9s
2026-04-02 13:43:48.719 | DEBUG    | run_premium_outreach:send_dm_batch:442 - ⏳ Inter-DM delay: 43.9s
2026-04-02 13:44:32.707 | WARNING  | run_premium_outreach:send_dm_batch:435 - ❌ DM to @Bbaekayz failed: Cannot send requests while disconnected
2026-04-02 13:44:32.707 | WARNING  | run_premium_outreach:send_dm_batch:435 - ❌ DM to @Bbaekayz failed: Cannot send requests while disconnected
2026-04-02 13:44:32.707 | DEBUG    | run_premium_outreach:send_dm_batch:442 - ⏳ Inter-DM delay: 23.5s
2026-04-02 13:44:32.707 | DEBUG    | run_premium_outreach:send_dm_batch:442 - ⏳ Inter-DM delay: 23.5s
2026-04-02 13:44:56.259 | WARNING  | run_premium_outreach:send_dm_batch:435 - ❌ DM to @humbleXab failed: Cannot send requests while disconnected
2026-04-02 13:44:56.259 | WARNING  | run_premium_outreach:send_dm_batch:435 - ❌ DM to @humbleXab failed: Cannot send requests while disconnected
2026-04-02 13:44:56.259 | INFO     | run_premium_outreach:run_premium_session:562 - 📖 Phase 3: Mid-session organic activity...
2026-04-02 13:44:56.259 | INFO     | run_premium_outreach:run_premium_session:562 - 📖 Phase 3: Mid-session organic activity...
2026-04-02 13:46:09.770 | INFO     | run_premium_outreach:run_premium_session:571 - 📨 Phase 4: Sending DM batch 2 (8 DMs)...
2026-04-02 13:46:09.770 | INFO     | run_premium_outreach:run_premium_session:571 - 📨 Phase 4: Sending DM batch 2 (8 DMs)...
2026-04-02 13:46:09.770 | WARNING  | run_premium_outreach:send_dm_batch:435 - ❌ DM to @Amannarula failed: Cannot send requests while disconnected
2026-04-02 13:46:09.770 | WARNING  | run_premium_outreach:send_dm_batch:435 - ❌ DM to @Amannarula failed: Cannot send requests while disconnected
2026-04-02 13:46:09.770 | DEBUG    | run_premium_outreach:send_dm_batch:442 - ⏳ Inter-DM delay: 36.8s
2026-04-02 13:46:09.770 | DEBUG    | run_premium_outreach:send_dm_batch:442 - ⏳ Inter-DM delay: 36.8s
